// Jest Snapshot v1, https://goo.gl/fbAQLP

exports[`App component unit tests Snapshot tests 1`] = `
<DocumentFragment>
  <div
    class="App"
  >
    <header
      class="App-header"
    >
      <button
        class="App-button"
        data-testid="generate-btn"
        id="button"
        type="button"
      >
        What should we call the band?
      </button>
      <div
        class="band-list"
      >
        <button
          class="App-button"
          id="button"
          type="button"
        >
           See a list of upvoted band names!
        </button>
        <div
          class="bands"
        />
      </div>
    </header>
  </div>
</DocumentFragment>
`;
